<!DOCTYPE html>
<html>
<head>
  <meta charset="utf-8">
  <title>Test Page</title>

  <link rel="stylesheet" href="libs/bootstrap-3.1.1/dist/css/bootstrap.min.css">
  <link rel="stylesheet" href="test.css">
</head>
<body>
  <script src="libs/jquery-2.1.0/dist/jquery.min.js"></script>
  <script src="libs/handlebars-1.3.0/handlebars.min.js"></script>
  <script src="libs/ember-1.5.0/ember.min.js"></script>
  <script src="js/app.js"></script>
  <script src="libs/bootstrap-3.1.1/dist/js/bootstrap.min.js">
</body>
</html>





